// Jest Snapshot v1, https://goo.gl/fbAQLP

exports[`pruebas en el Home View debe de rednderizar el componente correctamente 1`] = `
<div class="home"><img alt="Vue logo" src="">
  <h1>Hola Mundo</h1><button class="btn btn-primary">Primary</button><button class="btn btn-secondary">Secundary</button><button class="btn btn-success">Success</button>
</div>
`;
